2026-05-25 21:10:58 - INFO - com.example.bai3.Bai3Application - Starting Bai3Application using Java 17.0.18 with PID 17132 (C:\Users\LE DONG\Desktop\java_service_IT211\session09\bai3\build\classes\java\main started by LE DONG in C:\Users\LE DONG\Desktop\java_service_IT211\session09\bai3)
2026-05-25 21:10:58 - DEBUG - com.example.bai3.Bai3Application - Running with Spring Boot v4.0.6, Spring v7.0.7
2026-05-25 21:10:58 - INFO - com.example.bai3.Bai3Application - No active profile set, falling back to 1 default profile: "default"
2026-05-25 21:10:58 - INFO - o.s.b.d.e.DevToolsPropertyDefaultsPostProcessor - Devtools property defaults active! Set 'spring.devtools.add-properties' to 'false' to disable
2026-05-25 21:10:58 - INFO - o.s.b.d.e.DevToolsPropertyDefaultsPostProcessor - For additional web related logging consider setting the 'logging.level.web' property to 'DEBUG'
2026-05-25 21:10:59 - INFO - o.s.d.r.c.RepositoryConfigurationDelegate - Bootstrapping Spring Data JPA repositories in DEFAULT mode.
2026-05-25 21:10:59 - INFO - o.s.d.r.c.RepositoryConfigurationDelegate - Finished Spring Data repository scanning in 15 ms. Found 0 JPA repository interfaces.
2026-05-25 21:11:00 - INFO - o.s.boot.tomcat.TomcatWebServer - Tomcat initialized with port 8080 (http)
2026-05-25 21:11:00 - INFO - o.a.catalina.core.StandardService - Starting service [Tomcat]
2026-05-25 21:11:00 - INFO - o.a.catalina.core.StandardEngine - Starting Servlet engine: [Apache Tomcat/11.0.21]
2026-05-25 21:11:00 - INFO - o.s.b.w.c.s.WebApplicationContextInitializer - Root WebApplicationContext: initialization completed in 1371 ms
2026-05-25 21:11:00 - WARN - o.s.b.w.s.s.c.AnnotationConfigServletWebServerApplicationContext - Exception encountered during context initialization - cancelling refresh attempt: org.springframework.beans.factory.BeanCreationException: Error creating bean with name 'entityManagerFactory' defined in class path resource [org/springframework/boot/hibernate/autoconfigure/HibernateJpaConfiguration.class]: Failed to initialize dependency 'inMemoryDatabaseShutdownExecutor' of LoadTimeWeaverAware bean 'entityManagerFactory': Error creating bean with name 'inMemoryDatabaseShutdownExecutor' defined in class path resource [org/springframework/boot/devtools/autoconfigure/DevToolsDataSourceAutoConfiguration.class]: Unsatisfied dependency expressed through method 'inMemoryDatabaseShutdownExecutor' parameter 0: Error creating bean with name 'dataSource' defined in class path resource [org/springframework/boot/jdbc/autoconfigure/DataSourceConfiguration$Hikari.class]: Failed to instantiate [com.zaxxer.hikari.HikariDataSource]: Factory method 'dataSource' threw exception with message: Failed to determine a suitable driver class
2026-05-25 21:11:00 - INFO - o.a.catalina.core.StandardService - Stopping service [Tomcat]
2026-05-25 21:11:00 - INFO - o.s.b.a.l.ConditionEvaluationReportLogger - 

Error starting ApplicationContext. To display the condition evaluation report re-run your application with 'debug' enabled.
2026-05-25 21:11:00 - ERROR - o.s.b.d.LoggingFailureAnalysisReporter - 

***************************
APPLICATION FAILED TO START
***************************

Description:

Failed to configure a DataSource: 'url' attribute is not specified and no embedded datasource could be configured.

Reason: Failed to determine a suitable driver class


Action:

Consider the following:
	If you want an embedded database (H2, HSQL or Derby), please put it on the classpath.
	If you have database settings to be loaded from a particular profile you may need to activate it (no profiles are currently active).

2026-05-25 21:11:40 - INFO - com.example.bai3.Bai3Application - Starting Bai3Application using Java 17.0.18 with PID 5520 (C:\Users\LE DONG\Desktop\java_service_IT211\session09\bai3\build\classes\java\main started by LE DONG in C:\Users\LE DONG\Desktop\java_service_IT211\session09\bai3)
2026-05-25 21:11:40 - DEBUG - com.example.bai3.Bai3Application - Running with Spring Boot v4.0.6, Spring v7.0.7
2026-05-25 21:11:40 - INFO - com.example.bai3.Bai3Application - No active profile set, falling back to 1 default profile: "default"
2026-05-25 21:11:41 - INFO - o.s.b.d.e.DevToolsPropertyDefaultsPostProcessor - Devtools property defaults active! Set 'spring.devtools.add-properties' to 'false' to disable
2026-05-25 21:11:41 - INFO - o.s.b.d.e.DevToolsPropertyDefaultsPostProcessor - For additional web related logging consider setting the 'logging.level.web' property to 'DEBUG'
2026-05-25 21:11:41 - INFO - o.s.d.r.c.RepositoryConfigurationDelegate - Bootstrapping Spring Data JPA repositories in DEFAULT mode.
2026-05-25 21:11:41 - INFO - o.s.d.r.c.RepositoryConfigurationDelegate - Finished Spring Data repository scanning in 9 ms. Found 0 JPA repository interfaces.
2026-05-25 21:11:41 - INFO - o.s.boot.tomcat.TomcatWebServer - Tomcat initialized with port 8080 (http)
2026-05-25 21:11:41 - INFO - o.a.catalina.core.StandardService - Starting service [Tomcat]
2026-05-25 21:11:41 - INFO - o.a.catalina.core.StandardEngine - Starting Servlet engine: [Apache Tomcat/11.0.21]
2026-05-25 21:11:41 - INFO - o.s.b.w.c.s.WebApplicationContextInitializer - Root WebApplicationContext: initialization completed in 909 ms
2026-05-25 21:11:42 - INFO - org.hibernate.orm.jpa - HHH008540: Processing PersistenceUnitInfo [name: default]
2026-05-25 21:11:42 - INFO - org.hibernate.orm.core - HHH000001: Hibernate ORM core version 7.2.12.Final
2026-05-25 21:11:42 - INFO - o.s.o.j.p.SpringPersistenceUnitInfo - No LoadTimeWeaver setup: ignoring JPA class transformer
2026-05-25 21:11:42 - INFO - com.zaxxer.hikari.HikariDataSource - HikariPool-1 - Starting...
2026-05-25 21:11:42 - INFO - com.zaxxer.hikari.pool.HikariPool - HikariPool-1 - Added connection com.mysql.cj.jdbc.ConnectionImpl@18553615
2026-05-25 21:11:42 - INFO - com.zaxxer.hikari.HikariDataSource - HikariPool-1 - Start completed.
2026-05-25 21:11:42 - WARN - org.hibernate.orm.deprecation - HHH90000025: MySQLDialect does not need to be specified explicitly using 'hibernate.dialect' (remove the property setting and it will be selected by default)
2026-05-25 21:11:42 - INFO - o.hibernate.orm.connections.pooling - HHH10001005: Database info:
	Database JDBC URL [jdbc:mysql://localhost:3306/bai3?allowPublicKeyRetrieval=true&useSSL=false&serverTimezone=UTC]
	Database driver: MySQL Connector/J
	Database dialect: MySQLDialect
	Database version: 9.5
	Default catalog/schema: bai3/undefined
	Autocommit mode: undefined/unknown
	Isolation level: REPEATABLE_READ [default REPEATABLE_READ]
	JDBC fetch size: none
	Pool: DataSourceConnectionProvider
	Minimum pool size: undefined/unknown
	Maximum pool size: undefined/unknown
2026-05-25 21:11:43 - INFO - org.hibernate.orm.core - HHH000489: No JTA platform available (set 'hibernate.transaction.jta.platform' to enable JTA platform integration)
2026-05-25 21:11:43 - INFO - o.s.o.j.LocalContainerEntityManagerFactoryBean - Initialized JPA EntityManagerFactory for persistence unit 'default'
2026-05-25 21:11:43 - WARN - o.s.b.j.a.JpaBaseConfiguration$JpaWebConfiguration - spring.jpa.open-in-view is enabled by default. Therefore, database queries may be performed during view rendering. Explicitly configure spring.jpa.open-in-view to disable this warning
2026-05-25 21:11:43 - INFO - o.s.boot.tomcat.TomcatWebServer - Tomcat started on port 8080 (http) with context path '/'
2026-05-25 21:11:43 - INFO - com.example.bai3.Bai3Application - Started Bai3Application in 2.779 seconds (process running for 3.348)
